// Jest Snapshot v1, https://goo.gl/fbAQLP

exports[`should render correctly 1`] = `
<AppTree>
  <ThemeContextProvider>
    <HomeScreen
      navigation={
        Object {
          "addListener": [Function],
          "closeDrawer": [MockFunction],
          "dismiss": [MockFunction],
          "dispatch": [MockFunction],
          "getParam": [MockFunction],
          "goBack": [MockFunction],
          "isFocused": [MockFunction],
          "navigate": [MockFunction] {
            "calls": Array [
              Array [
                "Profile",
                Object {
                  "screen": "Profile2",
                },
              ],
            ],
            "results": Array [
              Object {
                "type": "return",
                "value": undefined,
              },
            ],
          },
          "openDrawer": [MockFunction],
          "pop": [MockFunction],
          "popToTop": [MockFunction],
          "push": [MockFunction],
          "replace": [MockFunction],
          "setOptions": [MockFunction] {
            "calls": Array [
              Array [
                Object {
                  "header": [Function],
                },
              ],
            ],
            "results": Array [
              Object {
                "type": "return",
                "value": undefined,
              },
            ],
          },
          "setParams": [MockFunction],
          "state": Object {
            "params": Object {},
          },
          "toggleDrawer": [MockFunction],
        }
      }
    >
      <View
        style={
          Object {
            "alignItems": "center",
            "flex": 1,
            "justifyContent": "center",
          }
        }
      >
        <View
          style={
            Object {
              "alignItems": "center",
              "flex": 1,
              "justifyContent": "center",
            }
          }
        >
          <Text
            style={
              Object {
                "color": "#221240",
                "fontFamily": "Lato-Regular",
                "fontWeight": "normal",
                "paddingBottom": 6,
                "paddingTop": 4,
              }
            }
          >
            <Text
              style={
                Object {
                  "color": "#221240",
                  "fontFamily": "Lato-Regular",
                  "fontWeight": "normal",
                  "paddingBottom": 6,
                  "paddingTop": 4,
                }
              }
            >
              This is the Homescreen
            </Text>
          </Text>
          <Button
            onPress={[Function]}
            style={
              Object {
                "alignItems": "center",
                "backgroundColor": "#221240",
                "borderRadius": 20,
                "height": 50,
                "justifyContent": "center",
                "marginTop": 20,
                "width": 200,
              }
            }
            textStyle={
              Object {
                "color": "#2932D3",
                "fontFamily": "Lato-Bold",
                "fontWeight": "normal",
                "paddingBottom": 6,
                "paddingTop": 4,
              }
            }
            title="Go To Profile"
            type="highlight"
            underlayColor="#F64F51"
          >
            <TouchableHighlight
              activeOpacity={0.85}
              delayPressOut={100}
              onPress={[Function]}
              style={
                Object {
                  "alignItems": "center",
                  "backgroundColor": "#221240",
                  "borderRadius": 20,
                  "height": 50,
                  "justifyContent": "center",
                  "marginTop": 20,
                  "width": 200,
                }
              }
              underlayColor="#F64F51"
            >
              <View
                accessible={true}
                focusable={true}
                isTVSelectable={true}
                onClick={[Function]}
                onResponderGrant={[Function]}
                onResponderMove={[Function]}
                onResponderRelease={[Function]}
                onResponderTerminate={[Function]}
                onResponderTerminationRequest={[Function]}
                onStartShouldSetResponder={[Function]}
                style={
                  Object {
                    "alignItems": "center",
                    "backgroundColor": "#221240",
                    "borderRadius": 20,
                    "height": 50,
                    "justifyContent": "center",
                    "marginTop": 20,
                    "width": 200,
                  }
                }
              >
                <View
                  accessible={true}
                  focusable={true}
                  isTVSelectable={true}
                  onClick={[Function]}
                  onResponderGrant={[Function]}
                  onResponderMove={[Function]}
                  onResponderRelease={[Function]}
                  onResponderTerminate={[Function]}
                  onResponderTerminationRequest={[Function]}
                  onStartShouldSetResponder={[Function]}
                  style={
                    Object {
                      "alignItems": "center",
                      "backgroundColor": "#221240",
                      "borderRadius": 20,
                      "height": 50,
                      "justifyContent": "center",
                      "marginTop": 20,
                      "width": 200,
                    }
                  }
                >
                  <Text
                    style={
                      Object {
                        "color": "#2932D3",
                        "fontFamily": "Lato-Bold",
                        "fontWeight": "normal",
                        "paddingBottom": 6,
                        "paddingTop": 4,
                      }
                    }
                  >
                    <Text
                      style={
                        Object {
                          "color": "#2932D3",
                          "fontFamily": "Lato-Bold",
                          "fontWeight": "normal",
                          "paddingBottom": 6,
                          "paddingTop": 4,
                        }
                      }
                    >
                      Go To Profile
                    </Text>
                  </Text>
                </View>
              </View>
            </TouchableHighlight>
          </Button>
        </View>
      </View>
    </HomeScreen>
  </ThemeContextProvider>
</AppTree>
`;
