// Jest Snapshot v1, https://goo.gl/fbAQLP

exports[`should render correctly 1`] = `
<HomeHeader>
  <SafeAreaView
    style={
      Object {
        "alignItems": "center",
        "height": 100,
        "justifyContent": "center",
      }
    }
  >
    <logo.svg
      height="50"
      width="120"
    />
  </SafeAreaView>
</HomeHeader>
`;
