// Jest Snapshot v1, https://goo.gl/fbAQLP

exports[`should export all named styles 1`] = `
Object {
  "colors": Object {
    "primary": "#221240",
    "secondary": "#2932D3",
    "terciary": "#F64F51",
  },
  "layout": Object {
    "gutter": 20,
  },
  "typography": Object {
    "bold": Object {
      "fontFamily": "Lato-Bold",
      "fontWeight": "normal",
      "paddingBottom": 6,
      "paddingTop": 4,
    },
    "regular": Object {
      "fontFamily": "Lato-Regular",
      "fontWeight": "normal",
      "paddingBottom": 6,
      "paddingTop": 4,
    },
    "thin": Object {
      "fontFamily": "Lato-Thin",
      "fontWeight": "normal",
      "paddingBottom": 6,
      "paddingTop": 4,
    },
  },
}
`;
