// Jest Snapshot v1, https://goo.gl/fbAQLP

exports[`should render correctly 1`] = `
<AppTree>
  <ThemeContextProvider>
    <ProfileScreen2>
      <View
        style={
          Object {
            "alignItems": "center",
            "flex": 1,
            "justifyContent": "center",
          }
        }
      >
        <View
          style={
            Object {
              "alignItems": "center",
              "flex": 1,
              "justifyContent": "center",
            }
          }
        >
          <Text>
            <Text>
              This is the ProfileScreen2
            </Text>
          </Text>
        </View>
      </View>
    </ProfileScreen2>
  </ThemeContextProvider>
</AppTree>
`;
