// Jest Snapshot v1, https://goo.gl/fbAQLP

exports[`should create navigation correctly 1`] = `
<StackNavigator
  screenOptions={
    Object {
      "header": [Function],
    }
  }
>
  <Screen
    component={[Function]}
    name="Profile1"
  />
  <Screen
    component={[Function]}
    name="Profile2"
  />
</StackNavigator>
`;
