// Jest Snapshot v1, https://goo.gl/fbAQLP

exports[`should render correctly 1`] = `
<AppTree>
  <SafeAreaProvider>
    <ThemeContextProvider>
      <ProfileStackHeader
        navigation={
          Object {
            "addListener": [Function],
            "closeDrawer": [MockFunction],
            "dismiss": [MockFunction],
            "dispatch": [MockFunction],
            "getParam": [MockFunction],
            "goBack": [MockFunction],
            "isFocused": [MockFunction],
            "navigate": [MockFunction],
            "openDrawer": [MockFunction],
            "pop": [MockFunction] {
              "calls": Array [
                Array [],
              ],
              "results": Array [
                Object {
                  "type": "return",
                  "value": undefined,
                },
              ],
            },
            "popToTop": [MockFunction],
            "push": [MockFunction],
            "replace": [MockFunction],
            "setOptions": [MockFunction],
            "setParams": [MockFunction],
            "state": Object {
              "params": Object {},
            },
            "toggleDrawer": [MockFunction],
          }
        }
      >
        <SafeAreaView
          style={
            Object {
              "height": 100,
            }
          }
        >
          <View
            style={
              Object {
                "alignItems": "center",
                "flex": 1,
                "flexDirection": "row",
                "justifyContent": "space-between",
                "paddingHorizontal": 20,
              }
            }
          >
            <View
              style={
                Object {
                  "alignItems": "center",
                  "flex": 1,
                  "flexDirection": "row",
                  "justifyContent": "space-between",
                  "paddingHorizontal": 20,
                }
              }
            >
              <Button
                onPress={[Function]}
                textStyle={
                  Object {
                    "color": "#2932D3",
                    "fontFamily": "Lato-Bold",
                    "fontWeight": "normal",
                    "paddingBottom": 6,
                    "paddingTop": 4,
                  }
                }
                title="Go back"
                type="highlight"
              >
                <TouchableHighlight
                  activeOpacity={0.85}
                  delayPressOut={100}
                  onPress={[Function]}
                  underlayColor="black"
                >
                  <View
                    accessible={true}
                    focusable={true}
                    isTVSelectable={true}
                    onClick={[Function]}
                    onResponderGrant={[Function]}
                    onResponderMove={[Function]}
                    onResponderRelease={[Function]}
                    onResponderTerminate={[Function]}
                    onResponderTerminationRequest={[Function]}
                    onStartShouldSetResponder={[Function]}
                    style={null}
                  >
                    <View
                      accessible={true}
                      focusable={true}
                      isTVSelectable={true}
                      onClick={[Function]}
                      onResponderGrant={[Function]}
                      onResponderMove={[Function]}
                      onResponderRelease={[Function]}
                      onResponderTerminate={[Function]}
                      onResponderTerminationRequest={[Function]}
                      onStartShouldSetResponder={[Function]}
                      style={null}
                    >
                      <Text
                        style={
                          Object {
                            "color": "#2932D3",
                            "fontFamily": "Lato-Bold",
                            "fontWeight": "normal",
                            "paddingBottom": 6,
                            "paddingTop": 4,
                          }
                        }
                      >
                        <Text
                          style={
                            Object {
                              "color": "#2932D3",
                              "fontFamily": "Lato-Bold",
                              "fontWeight": "normal",
                              "paddingBottom": 6,
                              "paddingTop": 4,
                            }
                          }
                        >
                          Go back
                        </Text>
                      </Text>
                    </View>
                  </View>
                </TouchableHighlight>
              </Button>
              <Text
                style={
                  Object {
                    "color": "#F64F51",
                    "fontFamily": "Lato-Regular",
                    "fontWeight": "normal",
                    "paddingBottom": 6,
                    "paddingTop": 4,
                  }
                }
              >
                <Text
                  style={
                    Object {
                      "color": "#F64F51",
                      "fontFamily": "Lato-Regular",
                      "fontWeight": "normal",
                      "paddingBottom": 6,
                      "paddingTop": 4,
                    }
                  }
                >
                  Profile Stack
                </Text>
              </Text>
            </View>
          </View>
        </SafeAreaView>
      </ProfileStackHeader>
    </ThemeContextProvider>
  </SafeAreaProvider>
</AppTree>
`;
